// Jest Snapshot v1, https://goo.gl/fbAQLP

exports[`test Hero Form component 1`] = `<HeroDetails />`;
