// Jest Snapshot v1, https://goo.gl/fbAQLP

exports[`test navbar component 1`] = `<Navbar />`;
